=== Getting documents ===
Using document: workplace_compliance_policy.pdf (e11ef065-a534-4ed7-a0ab-d378e4cea352)

=== Testing document-only query ===
Payload: {
  "user_id": "test-doc-only",
  "provider": "openai",
  "question": "What are the specific dress code requirements for professional office areas?",
  "doc_ids": [
    "e11ef065-a534-4ed7-a0ab-d378e4cea352"
  ],
  "image_ids": [],
  "top_k": 3
}

Status Code: 200
Traceback (most recent call last):
  File "C:\Users\taro\Documents\TEMP\PORTFOLIO\AI Rag 222\backend\test_doc_only.py", line 67, in <module>
    print(f"\n\U0001f4da Citations: {len(citations)}")
  File "C:\Program Files\WindowsApps\PythonSoftwareFoundation.Python.3.12_3.12.2800.0_x64__qbz5n2kfra8p0\Lib\encodings\cp1252.py", line 19, in encode
    return codecs.charmap_encode(input,self.errors,encoding_table)[0]
           ^^^^^^^^^^^^^^^^^^^^^^^^^^^^^^^^^^^^^^^^^^^^^^^^^^^^^^^
UnicodeEncodeError: 'charmap' codec can't encode character '\U0001f4da' in position 2: character maps to <undefined>
